material/list/nav-list: 130473
material/radio/without-group: 121448
material/menu/without-lazy-content: 210751
material/datepicker/range-picker/without-form-field: 330101
material/button-toggle/standalone: 119400
material/autocomplete/without-optgroup: 210332
