<chips-example></chips-example>
<menu-example></menu-example>
<paginator-example></paginator-example>
<progress-bar-example></progress-bar-example>
<progress-spinner-example></progress-spinner-example>
